// Jest Snapshot v1, https://goo.gl/fbAQLP

exports[`Button component testing button snapshot testing 1`] = `
<button
  className="MuiButtonBase-root-16 MuiButton-root-1 MuiButton-flatPrimary-3"
  disabled={false}
  onBlur={[Function]}
  onClick={[Function]}
  onFocus={[Function]}
  onKeyDown={[Function]}
  onKeyUp={[Function]}
  onMouseDown={[Function]}
  onMouseLeave={[Function]}
  onMouseUp={[Function]}
  onTouchEnd={[Function]}
  onTouchMove={[Function]}
  onTouchStart={[Function]}
  tabIndex="0"
  type="button"
>
  <span
    className="MuiButton-label-2"
  >
    +
  </span>
  <span
    className="MuiTouchRipple-root-19"
  />
</button>
`;
